[dbpuser@bastion ~]$ oc get pvc
No resources found in openshift-image-registry namespace.
[dbpuser@bastion ~]$ oc patch configs.imageregistry.operator.openshift.io/cluster --patch '{"spec":{"defaultRoute":true}}' --type=merge
config.imageregistry.operator.openshift.io/cluster patched
[dbpuser@bastion ~]$ HOST=$(oc get route default-route -n openshift-image-registry --template='{{ .spec.host }}')
[dbpuser@bastion ~]$ echo $HOST
default-route-openshift-image-registry.apps.prod.dbp.pnb
[dbpuser@bastion ~]$ oc get secret -n openshift-ingress  router-certs-default -o go-template='{{index .data "tls.crt"}}' | base64 -d | sudo tee /etc/pki/ca-trust/source/anchors/${HOST}.crt  > /dev/null
[sudo] password for dbpuser:
Sorry, try again.
[sudo] password for dbpuser:
[dbpuser@bastion ~]$ sudo update-ca-trust enable
[dbpuser@bastion ~]$ sudo podman login -u kubeadmin -p $(oc whoami -t) $HOST
Login Succeeded!
[dbpuser@bastion ~]$


Failed, retrying in 1s ... (1/3). Error: writing blob: Head "https:": dial tcp 10.192.30.194:443: i/o timeout


add the following line to the cluster yaml file

$ oc edit configs.imageregistry.operator.openshift.io/cluster

spec:
  defaultRoute: true
  disableRedirect: true --> add the following line to the cluster yaml file
  httpSecret: 38416ba140d9e6f89ef9ff5ebee29c70a98e0cbbbca0553bcd5900a09b8c48fb6454fb42c17c9ba05d794b8d4ef7f4b34c8beeaff8cc2013b436e3954444dd34
  logLevel: Normal
  managementState: Managed
  observedConfig: null
  operatorLogLevel: Normal
  proxy: {}
  replicas: 1